<img src="http://news.imgbbc.co.uk/images/foo.gif" />