<img src="http://news.bbcimg.co.uk/images/foo.gif" />
<img src="http://news.bbcimg.co.uk/level_1/level_2/level_3/images/foo.gif" />
<img src="http://news.bbcimg.co.uk/level_1/level_2/images/foo.gif" />
<img src="http://news.bbcimg.co.uk/level_1/images/foo.gif" />