<img src="http://news.imgbbc.co.uk/images/foo.gif" />
<img src="http://news.imgbbc.co.uk/level_1/level_2/images/foo.gif" />
<img src="http://news.imgbbc.co.uk/level_1/images/foo.gif" />